npm notice
npm notice package: dsh-workbuddy2api@0.3.0
npm notice Tarball Contents
npm notice 1.1kB LICENSE
npm notice 25.7kB README.md
npm notice 213B cordis.patch.yml
npm notice 7.6kB lib/accounts.d.ts
npm notice 1.7kB lib/accounts.d.ts.map
npm notice 12.3kB lib/accounts.js
npm notice 7.2kB lib/accounts.js.map
npm notice 7.2kB lib/config.d.ts
npm notice 1.6kB lib/config.d.ts.map
npm notice 5.3kB lib/config.js
npm notice 3.6kB lib/config.js.map
npm notice 9.1kB lib/gateway-adapter.d.ts
npm notice 4.2kB lib/gateway-adapter.d.ts.map
npm notice 27.5kB lib/gateway-adapter.js
npm notice 20.4kB lib/gateway-adapter.js.map
npm notice 11.5kB lib/gateway-binary.d.ts
npm notice 3.0kB lib/gateway-binary.d.ts.map
npm notice 17.6kB lib/gateway-binary.js
npm notice 9.5kB lib/gateway-binary.js.map
npm notice 7.5kB lib/gateway-supervisor.d.ts
npm notice 2.4kB lib/gateway-supervisor.d.ts.map
npm notice 18.5kB lib/gateway-supervisor.js
npm notice 12.6kB lib/gateway-supervisor.js.map
npm notice 2.7kB lib/index.d.ts
npm notice 1.4kB lib/index.d.ts.map
npm notice 48.6kB lib/index.js
npm notice 32.1kB lib/index.js.map
npm notice 7.0kB lib/login.d.ts
npm notice 2.6kB lib/login.d.ts.map
npm notice 12.3kB lib/login.js
npm notice 8.2kB lib/login.js.map
npm notice 8.1kB lib/models.d.ts
npm notice 1.8kB lib/models.d.ts.map
npm notice 9.9kB lib/models.js
npm notice 4.5kB lib/models.js.map
npm notice 6.7kB lib/setup.d.ts
npm notice 2.0kB lib/setup.d.ts.map
npm notice 16.2kB lib/setup.js
npm notice 9.4kB lib/setup.js.map
npm notice 4.7kB lib/sse.d.ts
npm notice 819B lib/sse.d.ts.map
npm notice 7.7kB lib/sse.js
npm notice 3.7kB lib/sse.js.map
npm notice 3.5kB lib/zip.d.ts
npm notice 861B lib/zip.d.ts.map
npm notice 8.8kB lib/zip.js
npm notice 5.7kB lib/zip.js.map
npm notice 2.0kB package.json
npm notice 6.3kB scripts/migrate-settings.ps1
npm notice 3.3kB scripts/validate-settings.cjs
npm notice Tarball Details
npm notice name: dsh-workbuddy2api
npm notice version: 0.3.0
npm notice filename: dsh-workbuddy2api-0.3.0.tgz
npm notice package size: 132.1 kB
npm notice unpacked size: 438.3 kB
npm notice shasum: 508ec2046970baaa21bb72e523a416d4d5be8f7d
npm notice integrity: sha512-9U5UCRk0zbrAO[...]kIksv7ScOJewQ==
npm notice total files: 50
npm notice
npm warn publish This command requires you to be logged in to https://registry.npmjs.org/ (dry-run)
npm notice Publishing to https://registry.npmjs.org/ with tag latest and default access (dry-run)
